Installing xcodegen if not present...
Generating Xcode project...
xcodegen generate
⚙️  Generating plists...
⚙️  Generating project...
⚙️  Writing project...
Created project at /Users/ziyi/Documents/code/Scopy/Scopy.xcodeproj
Running all tests...
xcodebuild test \
		-project Scopy.xcodeproj \
		-scheme Scopy \
		-destination 'platform=macOS' \
		-resultBundlePath TestResults.xcresult \
		2>&1 | tee test.log
Command line invocation:
    /Applications/Xcode.app/Contents/Developer/usr/bin/xcodebuild test -project Scopy.xcodeproj -scheme Scopy -destination platform=macOS -resultBundlePath TestResults.xcresult

Writing result bundle at path:
	/Users/ziyi/Documents/code/Scopy/TestResults.xcresult

--- xcodebuild: WARNING: Using the first of multiple matching destinations:
{ platform:macOS, arch:arm64, id:00008122-000831EC0A11001C, name:My Mac }
{ platform:macOS, arch:x86_64, id:00008122-000831EC0A11001C, name:My Mac }
ComputePackagePrebuildTargetDependencyGraph

Prepare packages

CreateBuildRequest

SendProjectDescription

CreateBuildOperation

ComputeTargetDependencyGraph
note: Building targets in dependency order
note: Target dependency graph (2 targets)
    Target 'ScopyTests' in project 'Scopy'
        ➜ Explicit dependency on target 'Scopy' in project 'Scopy'
    Target 'Scopy' in project 'Scopy' (no dependencies)

GatherProvisioningInputs

CreateBuildDescription

ClangStatCache /Applications/Xcode.app/Contents/Developer/Toolchains/XcodeDefault.xctoolchain/usr/bin/clang-stat-cache /Applications/Xcode.app/Contents/Developer/Platforms/MacOSX.platform/Developer/SDKs/MacOSX15.4.sdk /Users/ziyi/Library/Developer/Xcode/DerivedData/SDKStatCaches.noindex/macosx15.4-24E241-88b860576fb364319593bd8fb30666b0.sdkstatcache
    cd /Users/ziyi/Documents/code/Scopy/Scopy.xcodeproj
    /Applications/Xcode.app/Contents/Developer/Toolchains/XcodeDefault.xctoolchain/usr/bin/clang-stat-cache /Applications/Xcode.app/Contents/Developer/Platforms/MacOSX.platform/Developer/SDKs/MacOSX15.4.sdk -o /Users/ziyi/Library/Developer/Xcode/DerivedData/SDKStatCaches.noindex/macosx15.4-24E241-88b860576fb364319593bd8fb30666b0.sdkstatcache

SwiftDriver Scopy normal arm64 com.apple.xcode.tools.swift.compiler (in target 'Scopy' from project 'Scopy')
    cd /Users/ziyi/Documents/code/Scopy
    builtin-SwiftDriver -- /Applications/Xcode.app/Contents/Developer/Toolchains/XcodeDefault.xctoolchain/usr/bin/swiftc -module-name Scopy -Onone -enforce-exclusivity\=checked @/Users/ziyi/Library/Developer/Xcode/DerivedData/Scopy-dyqrbvwbykytxxhhnzcuxxctmqle/Build/Intermediates.noindex/Scopy.build/Debug/Scopy.build/Objects-normal/arm64/Scopy.SwiftFileList -DDEBUG -enable-bare-slash-regex -enable-experimental-feature DebugDescriptionMacro -sdk /Applications/Xcode.app/Contents/Developer/Platforms/MacOSX.platform/Developer/SDKs/MacOSX15.4.sdk -target arm64-apple-macos14.0 -g -module-cache-path /Users/ziyi/Library/Developer/Xcode/DerivedData/ModuleCache.noindex -Xfrontend -serialize-debugging-options -profile-coverage-mapping -profile-generate -enable-testing -index-store-path /Users/ziyi/Library/Developer/Xcode/DerivedData/Scopy-dyqrbvwbykytxxhhnzcuxxctmqle/Index.noindex/DataStore -swift-version 5 -I /Users/ziyi/Library/Developer/Xcode/DerivedData/Scopy-dyqrbvwbykytxxhhnzcuxxctmqle/Build/Products/Debug -F /Users/ziyi/Library/Developer/Xcode/DerivedData/Scopy-dyqrbvwbykytxxhhnzcuxxctmqle/Build/Products/Debug -c -j8 -enable-batch-mode -incremental -Xcc -ivfsstatcache -Xcc /Users/ziyi/Library/Developer/Xcode/DerivedData/SDKStatCaches.noindex/macosx15.4-24E241-88b860576fb364319593bd8fb30666b0.sdkstatcache -output-file-map /Users/ziyi/Library/Developer/Xcode/DerivedData/Scopy-dyqrbvwbykytxxhhnzcuxxctmqle/Build/Intermediates.noindex/Scopy.build/Debug/Scopy.build/Objects-normal/arm64/Scopy-OutputFileMap.json -use-frontend-parseable-output -save-temps -no-color-diagnostics -serialize-diagnostics -emit-dependencies -emit-module -emit-module-path /Users/ziyi/Library/Developer/Xcode/DerivedData/Scopy-dyqrbvwbykytxxhhnzcuxxctmqle/Build/Intermediates.noindex/Scopy.build/Debug/Scopy.build/Objects-normal/arm64/Scopy.swiftmodule -validate-clang-modules-once -clang-build-session-file /Users/ziyi/Library/Developer/Xcode/DerivedData/ModuleCache.noindex/Session.modulevalidation -Xcc -I/Users/ziyi/Library/Developer/Xcode/DerivedData/Scopy-dyqrbvwbykytxxhhnzcuxxctmqle/Build/Intermediates.noindex/Scopy.build/Debug/Scopy.build/swift-overrides.hmap -emit-const-values -Xfrontend -const-gather-protocols-file -Xfrontend /Users/ziyi/Library/Developer/Xcode/DerivedData/Scopy-dyqrbvwbykytxxhhnzcuxxctmqle/Build/Intermediates.noindex/Scopy.build/Debug/Scopy.build/Objects-normal/arm64/Scopy_const_extract_protocols.json -Xcc -iquote -Xcc /Users/ziyi/Library/Developer/Xcode/DerivedData/Scopy-dyqrbvwbykytxxhhnzcuxxctmqle/Build/Intermediates.noindex/Scopy.build/Debug/Scopy.build/Scopy-generated-files.hmap -Xcc -I/Users/ziyi/Library/Developer/Xcode/DerivedData/Scopy-dyqrbvwbykytxxhhnzcuxxctmqle/Build/Intermediates.noindex/Scopy.build/Debug/Scopy.build/Scopy-own-target-headers.hmap -Xcc -I/Users/ziyi/Library/Developer/Xcode/DerivedData/Scopy-dyqrbvwbykytxxhhnzcuxxctmqle/Build/Intermediates.noindex/Scopy.build/Debug/Scopy.build/Scopy-all-target-headers.hmap -Xcc -iquote -Xcc /Users/ziyi/Library/Developer/Xcode/DerivedData/Scopy-dyqrbvwbykytxxhhnzcuxxctmqle/Build/Intermediates.noindex/Scopy.build/Debug/Scopy.build/Scopy-project-headers.hmap -Xcc -I/Users/ziyi/Library/Developer/Xcode/DerivedData/Scopy-dyqrbvwbykytxxhhnzcuxxctmqle/Build/Products/Debug/include -Xcc -I/Users/ziyi/Library/Developer/Xcode/DerivedData/Scopy-dyqrbvwbykytxxhhnzcuxxctmqle/Build/Intermediates.noindex/Scopy.build/Debug/Scopy.build/DerivedSources-normal/arm64 -Xcc -I/Users/ziyi/Library/Developer/Xcode/DerivedData/Scopy-dyqrbvwbykytxxhhnzcuxxctmqle/Build/Intermediates.noindex/Scopy.build/Debug/Scopy.build/DerivedSources/arm64 -Xcc -I/Users/ziyi/Library/Developer/Xcode/DerivedData/Scopy-dyqrbvwbykytxxhhnzcuxxctmqle/Build/Intermediates.noindex/Scopy.build/Debug/Scopy.build/DerivedSources -Xcc -DDEBUG\=1 -emit-objc-header -emit-objc-header-path /Users/ziyi/Library/Developer/Xcode/DerivedData/Scopy-dyqrbvwbykytxxhhnzcuxxctmqle/Build/Intermediates.noindex/Scopy.build/Debug/Scopy.build/Objects-normal/arm64/Scopy-Swift.h -working-directory /Users/ziyi/Documents/code/Scopy -experimental-emit-module-separately -disable-cmo

SwiftEmitModule normal arm64 Emitting\ module\ for\ Scopy (in target 'Scopy' from project 'Scopy')

EmitSwiftModule normal arm64 (in target 'Scopy' from project 'Scopy')
    cd /Users/ziyi/Documents/code/Scopy
    

SwiftDriverJobDiscovery normal arm64 Emitting module for Scopy (in target 'Scopy' from project 'Scopy')

SwiftDriver\ Compilation\ Requirements Scopy normal arm64 com.apple.xcode.tools.swift.compiler (in target 'Scopy' from project 'Scopy')
    cd /Users/ziyi/Documents/code/Scopy
    builtin-Swift-Compilation-Requirements -- /Applications/Xcode.app/Contents/Developer/Toolchains/XcodeDefault.xctoolchain/usr/bin/swiftc -module-name Scopy -Onone -enforce-exclusivity\=checked @/Users/ziyi/Library/Developer/Xcode/DerivedData/Scopy-dyqrbvwbykytxxhhnzcuxxctmqle/Build/Intermediates.noindex/Scopy.build/Debug/Scopy.build/Objects-normal/arm64/Scopy.SwiftFileList -DDEBUG -enable-bare-slash-regex -enable-experimental-feature DebugDescriptionMacro -sdk /Applications/Xcode.app/Contents/Developer/Platforms/MacOSX.platform/Developer/SDKs/MacOSX15.4.sdk -target arm64-apple-macos14.0 -g -module-cache-path /Users/ziyi/Library/Developer/Xcode/DerivedData/ModuleCache.noindex -Xfrontend -serialize-debugging-options -profile-coverage-mapping -profile-generate -enable-testing -index-store-path /Users/ziyi/Library/Developer/Xcode/DerivedData/Scopy-dyqrbvwbykytxxhhnzcuxxctmqle/Index.noindex/DataStore -swift-version 5 -I /Users/ziyi/Library/Developer/Xcode/DerivedData/Scopy-dyqrbvwbykytxxhhnzcuxxctmqle/Build/Products/Debug -F /Users/ziyi/Library/Developer/Xcode/DerivedData/Scopy-dyqrbvwbykytxxhhnzcuxxctmqle/Build/Products/Debug -c -j8 -enable-batch-mode -incremental -Xcc -ivfsstatcache -Xcc /Users/ziyi/Library/Developer/Xcode/DerivedData/SDKStatCaches.noindex/macosx15.4-24E241-88b860576fb364319593bd8fb30666b0.sdkstatcache -output-file-map /Users/ziyi/Library/Developer/Xcode/DerivedData/Scopy-dyqrbvwbykytxxhhnzcuxxctmqle/Build/Intermediates.noindex/Scopy.build/Debug/Scopy.build/Objects-normal/arm64/Scopy-OutputFileMap.json -use-frontend-parseable-output -save-temps -no-color-diagnostics -serialize-diagnostics -emit-dependencies -emit-module -emit-module-path /Users/ziyi/Library/Developer/Xcode/DerivedData/Scopy-dyqrbvwbykytxxhhnzcuxxctmqle/Build/Intermediates.noindex/Scopy.build/Debug/Scopy.build/Objects-normal/arm64/Scopy.swiftmodule -validate-clang-modules-once -clang-build-session-file /Users/ziyi/Library/Developer/Xcode/DerivedData/ModuleCache.noindex/Session.modulevalidation -Xcc -I/Users/ziyi/Library/Developer/Xcode/DerivedData/Scopy-dyqrbvwbykytxxhhnzcuxxctmqle/Build/Intermediates.noindex/Scopy.build/Debug/Scopy.build/swift-overrides.hmap -emit-const-values -Xfrontend -const-gather-protocols-file -Xfrontend /Users/ziyi/Library/Developer/Xcode/DerivedData/Scopy-dyqrbvwbykytxxhhnzcuxxctmqle/Build/Intermediates.noindex/Scopy.build/Debug/Scopy.build/Objects-normal/arm64/Scopy_const_extract_protocols.json -Xcc -iquote -Xcc /Users/ziyi/Library/Developer/Xcode/DerivedData/Scopy-dyqrbvwbykytxxhhnzcuxxctmqle/Build/Intermediates.noindex/Scopy.build/Debug/Scopy.build/Scopy-generated-files.hmap -Xcc -I/Users/ziyi/Library/Developer/Xcode/DerivedData/Scopy-dyqrbvwbykytxxhhnzcuxxctmqle/Build/Intermediates.noindex/Scopy.build/Debug/Scopy.build/Scopy-own-target-headers.hmap -Xcc -I/Users/ziyi/Library/Developer/Xcode/DerivedData/Scopy-dyqrbvwbykytxxhhnzcuxxctmqle/Build/Intermediates.noindex/Scopy.build/Debug/Scopy.build/Scopy-all-target-headers.hmap -Xcc -iquote -Xcc /Users/ziyi/Library/Developer/Xcode/DerivedData/Scopy-dyqrbvwbykytxxhhnzcuxxctmqle/Build/Intermediates.noindex/Scopy.build/Debug/Scopy.build/Scopy-project-headers.hmap -Xcc -I/Users/ziyi/Library/Developer/Xcode/DerivedData/Scopy-dyqrbvwbykytxxhhnzcuxxctmqle/Build/Products/Debug/include -Xcc -I/Users/ziyi/Library/Developer/Xcode/DerivedData/Scopy-dyqrbvwbykytxxhhnzcuxxctmqle/Build/Intermediates.noindex/Scopy.build/Debug/Scopy.build/DerivedSources-normal/arm64 -Xcc -I/Users/ziyi/Library/Developer/Xcode/DerivedData/Scopy-dyqrbvwbykytxxhhnzcuxxctmqle/Build/Intermediates.noindex/Scopy.build/Debug/Scopy.build/DerivedSources/arm64 -Xcc -I/Users/ziyi/Library/Developer/Xcode/DerivedData/Scopy-dyqrbvwbykytxxhhnzcuxxctmqle/Build/Intermediates.noindex/Scopy.build/Debug/Scopy.build/DerivedSources -Xcc -DDEBUG\=1 -emit-objc-header -emit-objc-header-path /Users/ziyi/Library/Developer/Xcode/DerivedData/Scopy-dyqrbvwbykytxxhhnzcuxxctmqle/Build/Intermediates.noindex/Scopy.build/Debug/Scopy.build/Objects-normal/arm64/Scopy-Swift.h -working-directory /Users/ziyi/Documents/code/Scopy -experimental-emit-module-separately -disable-cmo

Copy /Users/ziyi/Library/Developer/Xcode/DerivedData/Scopy-dyqrbvwbykytxxhhnzcuxxctmqle/Build/Products/Debug/Scopy.swiftmodule/Project/arm64-apple-macos.swiftsourceinfo /Users/ziyi/Library/Developer/Xcode/DerivedData/Scopy-dyqrbvwbykytxxhhnzcuxxctmqle/Build/Intermediates.noindex/Scopy.build/Debug/Scopy.build/Objects-normal/arm64/Scopy.swiftsourceinfo (in target 'Scopy' from project 'Scopy')
    cd /Users/ziyi/Documents/code/Scopy
    builtin-copy -exclude .DS_Store -exclude CVS -exclude .svn -exclude .git -exclude .hg -resolve-src-symlinks -rename /Users/ziyi/Library/Developer/Xcode/DerivedData/Scopy-dyqrbvwbykytxxhhnzcuxxctmqle/Build/Intermediates.noindex/Scopy.build/Debug/Scopy.build/Objects-normal/arm64/Scopy.swiftsourceinfo /Users/ziyi/Library/Developer/Xcode/DerivedData/Scopy-dyqrbvwbykytxxhhnzcuxxctmqle/Build/Products/Debug/Scopy.swiftmodule/Project/arm64-apple-macos.swiftsourceinfo

Copy /Users/ziyi/Library/Developer/Xcode/DerivedData/Scopy-dyqrbvwbykytxxhhnzcuxxctmqle/Build/Products/Debug/Scopy.swiftmodule/arm64-apple-macos.abi.json /Users/ziyi/Library/Developer/Xcode/DerivedData/Scopy-dyqrbvwbykytxxhhnzcuxxctmqle/Build/Intermediates.noindex/Scopy.build/Debug/Scopy.build/Objects-normal/arm64/Scopy.abi.json (in target 'Scopy' from project 'Scopy')
    cd /Users/ziyi/Documents/code/Scopy
    builtin-copy -exclude .DS_Store -exclude CVS -exclude .svn -exclude .git -exclude .hg -resolve-src-symlinks -rename /Users/ziyi/Library/Developer/Xcode/DerivedData/Scopy-dyqrbvwbykytxxhhnzcuxxctmqle/Build/Intermediates.noindex/Scopy.build/Debug/Scopy.build/Objects-normal/arm64/Scopy.abi.json /Users/ziyi/Library/Developer/Xcode/DerivedData/Scopy-dyqrbvwbykytxxhhnzcuxxctmqle/Build/Products/Debug/Scopy.swiftmodule/arm64-apple-macos.abi.json

Copy /Users/ziyi/Library/Developer/Xcode/DerivedData/Scopy-dyqrbvwbykytxxhhnzcuxxctmqle/Build/Products/Debug/Scopy.swiftmodule/arm64-apple-macos.swiftdoc /Users/ziyi/Library/Developer/Xcode/DerivedData/Scopy-dyqrbvwbykytxxhhnzcuxxctmqle/Build/Intermediates.noindex/Scopy.build/Debug/Scopy.build/Objects-normal/arm64/Scopy.swiftdoc (in target 'Scopy' from project 'Scopy')
    cd /Users/ziyi/Documents/code/Scopy
    builtin-copy -exclude .DS_Store -exclude CVS -exclude .svn -exclude .git -exclude .hg -resolve-src-symlinks -rename /Users/ziyi/Library/Developer/Xcode/DerivedData/Scopy-dyqrbvwbykytxxhhnzcuxxctmqle/Build/Intermediates.noindex/Scopy.build/Debug/Scopy.build/Objects-normal/arm64/Scopy.swiftdoc /Users/ziyi/Library/Developer/Xcode/DerivedData/Scopy-dyqrbvwbykytxxhhnzcuxxctmqle/Build/Products/Debug/Scopy.swiftmodule/arm64-apple-macos.swiftdoc

Copy /Users/ziyi/Library/Developer/Xcode/DerivedData/Scopy-dyqrbvwbykytxxhhnzcuxxctmqle/Build/Products/Debug/Scopy.swiftmodule/arm64-apple-macos.swiftmodule /Users/ziyi/Library/Developer/Xcode/DerivedData/Scopy-dyqrbvwbykytxxhhnzcuxxctmqle/Build/Intermediates.noindex/Scopy.build/Debug/Scopy.build/Objects-normal/arm64/Scopy.swiftmodule (in target 'Scopy' from project 'Scopy')
    cd /Users/ziyi/Documents/code/Scopy
    builtin-copy -exclude .DS_Store -exclude CVS -exclude .svn -exclude .git -exclude .hg -resolve-src-symlinks -rename /Users/ziyi/Library/Developer/Xcode/DerivedData/Scopy-dyqrbvwbykytxxhhnzcuxxctmqle/Build/Intermediates.noindex/Scopy.build/Debug/Scopy.build/Objects-normal/arm64/Scopy.swiftmodule /Users/ziyi/Library/Developer/Xcode/DerivedData/Scopy-dyqrbvwbykytxxhhnzcuxxctmqle/Build/Products/Debug/Scopy.swiftmodule/arm64-apple-macos.swiftmodule

SwiftDriver ScopyTests normal arm64 com.apple.xcode.tools.swift.compiler (in target 'ScopyTests' from project 'Scopy')
    cd /Users/ziyi/Documents/code/Scopy
    builtin-SwiftDriver -- /Applications/Xcode.app/Contents/Developer/Toolchains/XcodeDefault.xctoolchain/usr/bin/swiftc -module-name ScopyTests -Onone -enforce-exclusivity\=checked @/Users/ziyi/Library/Developer/Xcode/DerivedData/Scopy-dyqrbvwbykytxxhhnzcuxxctmqle/Build/Intermediates.noindex/Scopy.build/Debug/ScopyTests.build/Objects-normal/arm64/ScopyTests.SwiftFileList -DDEBUG -plugin-path /Applications/Xcode.app/Contents/Developer/Toolchains/XcodeDefault.xctoolchain/usr/lib/swift/host/plugins/testing -enable-bare-slash-regex -enable-experimental-feature DebugDescriptionMacro -sdk /Applications/Xcode.app/Contents/Developer/Platforms/MacOSX.platform/Developer/SDKs/MacOSX15.4.sdk -target arm64-apple-macos14.0 -g -module-cache-path /Users/ziyi/Library/Developer/Xcode/DerivedData/ModuleCache.noindex -Xfrontend -serialize-debugging-options -profile-coverage-mapping -profile-generate -enable-testing -index-store-path /Users/ziyi/Library/Developer/Xcode/DerivedData/Scopy-dyqrbvwbykytxxhhnzcuxxctmqle/Index.noindex/DataStore -swift-version 5 -I /Users/ziyi/Library/Developer/Xcode/DerivedData/Scopy-dyqrbvwbykytxxhhnzcuxxctmqle/Build/Products/Debug -I /Applications/Xcode.app/Contents/Developer/Platforms/MacOSX.platform/Developer/usr/lib -F /Users/ziyi/Library/Developer/Xcode/DerivedData/Scopy-dyqrbvwbykytxxhhnzcuxxctmqle/Build/Products/Debug -F /Applications/Xcode.app/Contents/Developer/Platforms/MacOSX.platform/Developer/Library/Frameworks -c -j8 -enable-batch-mode -incremental -Xcc -ivfsstatcache -Xcc /Users/ziyi/Library/Developer/Xcode/DerivedData/SDKStatCaches.noindex/macosx15.4-24E241-88b860576fb364319593bd8fb30666b0.sdkstatcache -output-file-map /Users/ziyi/Library/Developer/Xcode/DerivedData/Scopy-dyqrbvwbykytxxhhnzcuxxctmqle/Build/Intermediates.noindex/Scopy.build/Debug/ScopyTests.build/Objects-normal/arm64/ScopyTests-OutputFileMap.json -use-frontend-parseable-output -save-temps -no-color-diagnostics -serialize-diagnostics -emit-dependencies -emit-module -emit-module-path /Users/ziyi/Library/Developer/Xcode/DerivedData/Scopy-dyqrbvwbykytxxhhnzcuxxctmqle/Build/Intermediates.noindex/Scopy.build/Debug/ScopyTests.build/Objects-normal/arm64/ScopyTests.swiftmodule -validate-clang-modules-once -clang-build-session-file /Users/ziyi/Library/Developer/Xcode/DerivedData/ModuleCache.noindex/Session.modulevalidation -Xcc -I/Users/ziyi/Library/Developer/Xcode/DerivedData/Scopy-dyqrbvwbykytxxhhnzcuxxctmqle/Build/Intermediates.noindex/Scopy.build/Debug/ScopyTests.build/swift-overrides.hmap -emit-const-values -Xfrontend -const-gather-protocols-file -Xfrontend /Users/ziyi/Library/Developer/Xcode/DerivedData/Scopy-dyqrbvwbykytxxhhnzcuxxctmqle/Build/Intermediates.noindex/Scopy.build/Debug/ScopyTests.build/Objects-normal/arm64/ScopyTests_const_extract_protocols.json -Xcc -iquote -Xcc /Users/ziyi/Library/Developer/Xcode/DerivedData/Scopy-dyqrbvwbykytxxhhnzcuxxctmqle/Build/Intermediates.noindex/Scopy.build/Debug/ScopyTests.build/ScopyTests-generated-files.hmap -Xcc -I/Users/ziyi/Library/Developer/Xcode/DerivedData/Scopy-dyqrbvwbykytxxhhnzcuxxctmqle/Build/Intermediates.noindex/Scopy.build/Debug/ScopyTests.build/ScopyTests-own-target-headers.hmap -Xcc -I/Users/ziyi/Library/Developer/Xcode/DerivedData/Scopy-dyqrbvwbykytxxhhnzcuxxctmqle/Build/Intermediates.noindex/Scopy.build/Debug/ScopyTests.build/ScopyTests-all-target-headers.hmap -Xcc -iquote -Xcc /Users/ziyi/Library/Developer/Xcode/DerivedData/Scopy-dyqrbvwbykytxxhhnzcuxxctmqle/Build/Intermediates.noindex/Scopy.build/Debug/ScopyTests.build/ScopyTests-project-headers.hmap -Xcc -I/Users/ziyi/Library/Developer/Xcode/DerivedData/Scopy-dyqrbvwbykytxxhhnzcuxxctmqle/Build/Products/Debug/include -Xcc -I/Users/ziyi/Library/Developer/Xcode/DerivedData/Scopy-dyqrbvwbykytxxhhnzcuxxctmqle/Build/Intermediates.noindex/Scopy.build/Debug/ScopyTests.build/DerivedSources-normal/arm64 -Xcc -I/Users/ziyi/Library/Developer/Xcode/DerivedData/Scopy-dyqrbvwbykytxxhhnzcuxxctmqle/Build/Intermediates.noindex/Scopy.build/Debug/ScopyTests.build/DerivedSources/arm64 -Xcc -I/Users/ziyi/Library/Developer/Xcode/DerivedData/Scopy-dyqrbvwbykytxxhhnzcuxxctmqle/Build/Intermediates.noindex/Scopy.build/Debug/ScopyTests.build/DerivedSources -Xcc -DDEBUG\=1 -emit-objc-header -emit-objc-header-path /Users/ziyi/Library/Developer/Xcode/DerivedData/Scopy-dyqrbvwbykytxxhhnzcuxxctmqle/Build/Intermediates.noindex/Scopy.build/Debug/ScopyTests.build/Objects-normal/arm64/ScopyTests-Swift.h -working-directory /Users/ziyi/Documents/code/Scopy -experimental-emit-module-separately -disable-cmo

SwiftCompile normal arm64 Compiling\ HotKeyService.swift /Users/ziyi/Documents/code/Scopy/Scopy/Services/HotKeyService.swift (in target 'Scopy' from project 'Scopy')

SwiftCompile normal arm64 /Users/ziyi/Documents/code/Scopy/Scopy/Services/HotKeyService.swift (in target 'Scopy' from project 'Scopy')
    cd /Users/ziyi/Documents/code/Scopy
    

SwiftEmitModule normal arm64 Emitting\ module\ for\ ScopyTests (in target 'ScopyTests' from project 'Scopy')

EmitSwiftModule normal arm64 (in target 'ScopyTests' from project 'Scopy')
    cd /Users/ziyi/Documents/code/Scopy
    

SwiftCompile normal arm64 Compiling\ HotKeyServiceTests.swift /Users/ziyi/Documents/code/Scopy/ScopyTests/HotKeyServiceTests.swift (in target 'ScopyTests' from project 'Scopy')
SwiftCompile normal arm64 /Users/ziyi/Documents/code/Scopy/ScopyTests/HotKeyServiceTests.swift (in target 'ScopyTests' from project 'Scopy')
    cd /Users/ziyi/Documents/code/Scopy
    

SwiftDriverJobDiscovery normal arm64 Compiling HotKeyService.swift (in target 'Scopy' from project 'Scopy')

SwiftCompile normal arm64 Compiling\ ContentView.swift /Users/ziyi/Documents/code/Scopy/Scopy/Views/ContentView.swift (in target 'Scopy' from project 'Scopy')

SwiftCompile normal arm64 /Users/ziyi/Documents/code/Scopy/Scopy/Views/ContentView.swift (in target 'Scopy' from project 'Scopy')
    cd /Users/ziyi/Documents/code/Scopy
    

SwiftCompile normal arm64 Compiling\ AppDelegate.swift /Users/ziyi/Documents/code/Scopy/Scopy/AppDelegate.swift (in target 'Scopy' from project 'Scopy')
SwiftCompile normal arm64 /Users/ziyi/Documents/code/Scopy/Scopy/AppDelegate.swift (in target 'Scopy' from project 'Scopy')
    cd /Users/ziyi/Documents/code/Scopy
    

SwiftCompile normal arm64 Compiling\ FooterView.swift /Users/ziyi/Documents/code/Scopy/Scopy/Views/FooterView.swift (in target 'Scopy' from project 'Scopy')

SwiftCompile normal arm64 /Users/ziyi/Documents/code/Scopy/Scopy/Views/FooterView.swift (in target 'Scopy' from project 'Scopy')
    cd /Users/ziyi/Documents/code/Scopy
    

SwiftCompile normal arm64 Compiling\ AppState.swift /Users/ziyi/Documents/code/Scopy/Scopy/Observables/AppState.swift (in target 'Scopy' from project 'Scopy')
SwiftCompile normal arm64 /Users/ziyi/Documents/code/Scopy/Scopy/Observables/AppState.swift (in target 'Scopy' from project 'Scopy')
    cd /Users/ziyi/Documents/code/Scopy
    

SwiftCompile normal arm64 Compiling\ ScopyApp.swift /Users/ziyi/Documents/code/Scopy/Scopy/ScopyApp.swift (in target 'Scopy' from project 'Scopy')

SwiftCompile normal arm64 /Users/ziyi/Documents/code/Scopy/Scopy/ScopyApp.swift (in target 'Scopy' from project 'Scopy')
    cd /Users/ziyi/Documents/code/Scopy
    

SwiftDriverJobDiscovery normal arm64 Compiling HotKeyServiceTests.swift (in target 'ScopyTests' from project 'Scopy')

SwiftDriver\ Compilation ScopyTests normal arm64 com.apple.xcode.tools.swift.compiler (in target 'ScopyTests' from project 'Scopy')
    cd /Users/ziyi/Documents/code/Scopy
    builtin-Swift-Compilation -- /Applications/Xcode.app/Contents/Developer/Toolchains/XcodeDefault.xctoolchain/usr/bin/swiftc -module-name ScopyTests -Onone -enforce-exclusivity\=checked @/Users/ziyi/Library/Developer/Xcode/DerivedData/Scopy-dyqrbvwbykytxxhhnzcuxxctmqle/Build/Intermediates.noindex/Scopy.build/Debug/ScopyTests.build/Objects-normal/arm64/ScopyTests.SwiftFileList -DDEBUG -plugin-path /Applications/Xcode.app/Contents/Developer/Toolchains/XcodeDefault.xctoolchain/usr/lib/swift/host/plugins/testing -enable-bare-slash-regex -enable-experimental-feature DebugDescriptionMacro -sdk /Applications/Xcode.app/Contents/Developer/Platforms/MacOSX.platform/Developer/SDKs/MacOSX15.4.sdk -target arm64-apple-macos14.0 -g -module-cache-path /Users/ziyi/Library/Developer/Xcode/DerivedData/ModuleCache.noindex -Xfrontend -serialize-debugging-options -profile-coverage-mapping -profile-generate -enable-testing -index-store-path /Users/ziyi/Library/Developer/Xcode/DerivedData/Scopy-dyqrbvwbykytxxhhnzcuxxctmqle/Index.noindex/DataStore -swift-version 5 -I /Users/ziyi/Library/Developer/Xcode/DerivedData/Scopy-dyqrbvwbykytxxhhnzcuxxctmqle/Build/Products/Debug -I /Applications/Xcode.app/Contents/Developer/Platforms/MacOSX.platform/Developer/usr/lib -F /Users/ziyi/Library/Developer/Xcode/DerivedData/Scopy-dyqrbvwbykytxxhhnzcuxxctmqle/Build/Products/Debug -F /Applications/Xcode.app/Contents/Developer/Platforms/MacOSX.platform/Developer/Library/Frameworks -c -j8 -enable-batch-mode -incremental -Xcc -ivfsstatcache -Xcc /Users/ziyi/Library/Developer/Xcode/DerivedData/SDKStatCaches.noindex/macosx15.4-24E241-88b860576fb364319593bd8fb30666b0.sdkstatcache -output-file-map /Users/ziyi/Library/Developer/Xcode/DerivedData/Scopy-dyqrbvwbykytxxhhnzcuxxctmqle/Build/Intermediates.noindex/Scopy.build/Debug/ScopyTests.build/Objects-normal/arm64/ScopyTests-OutputFileMap.json -use-frontend-parseable-output -save-temps -no-color-diagnostics -serialize-diagnostics -emit-dependencies -emit-module -emit-module-path /Users/ziyi/Library/Developer/Xcode/DerivedData/Scopy-dyqrbvwbykytxxhhnzcuxxctmqle/Build/Intermediates.noindex/Scopy.build/Debug/ScopyTests.build/Objects-normal/arm64/ScopyTests.swiftmodule -validate-clang-modules-once -clang-build-session-file /Users/ziyi/Library/Developer/Xcode/DerivedData/ModuleCache.noindex/Session.modulevalidation -Xcc -I/Users/ziyi/Library/Developer/Xcode/DerivedData/Scopy-dyqrbvwbykytxxhhnzcuxxctmqle/Build/Intermediates.noindex/Scopy.build/Debug/ScopyTests.build/swift-overrides.hmap -emit-const-values -Xfrontend -const-gather-protocols-file -Xfrontend /Users/ziyi/Library/Developer/Xcode/DerivedData/Scopy-dyqrbvwbykytxxhhnzcuxxctmqle/Build/Intermediates.noindex/Scopy.build/Debug/ScopyTests.build/Objects-normal/arm64/ScopyTests_const_extract_protocols.json -Xcc -iquote -Xcc /Users/ziyi/Library/Developer/Xcode/DerivedData/Scopy-dyqrbvwbykytxxhhnzcuxxctmqle/Build/Intermediates.noindex/Scopy.build/Debug/ScopyTests.build/ScopyTests-generated-files.hmap -Xcc -I/Users/ziyi/Library/Developer/Xcode/DerivedData/Scopy-dyqrbvwbykytxxhhnzcuxxctmqle/Build/Intermediates.noindex/Scopy.build/Debug/ScopyTests.build/ScopyTests-own-target-headers.hmap -Xcc -I/Users/ziyi/Library/Developer/Xcode/DerivedData/Scopy-dyqrbvwbykytxxhhnzcuxxctmqle/Build/Intermediates.noindex/Scopy.build/Debug/ScopyTests.build/ScopyTests-all-target-headers.hmap -Xcc -iquote -Xcc /Users/ziyi/Library/Developer/Xcode/DerivedData/Scopy-dyqrbvwbykytxxhhnzcuxxctmqle/Build/Intermediates.noindex/Scopy.build/Debug/ScopyTests.build/ScopyTests-project-headers.hmap -Xcc -I/Users/ziyi/Library/Developer/Xcode/DerivedData/Scopy-dyqrbvwbykytxxhhnzcuxxctmqle/Build/Products/Debug/include -Xcc -I/Users/ziyi/Library/Developer/Xcode/DerivedData/Scopy-dyqrbvwbykytxxhhnzcuxxctmqle/Build/Intermediates.noindex/Scopy.build/Debug/ScopyTests.build/DerivedSources-normal/arm64 -Xcc -I/Users/ziyi/Library/Developer/Xcode/DerivedData/Scopy-dyqrbvwbykytxxhhnzcuxxctmqle/Build/Intermediates.noindex/Scopy.build/Debug/ScopyTests.build/DerivedSources/arm64 -Xcc -I/Users/ziyi/Library/Developer/Xcode/DerivedData/Scopy-dyqrbvwbykytxxhhnzcuxxctmqle/Build/Intermediates.noindex/Scopy.build/Debug/ScopyTests.build/DerivedSources -Xcc -DDEBUG\=1 -emit-objc-header -emit-objc-header-path /Users/ziyi/Library/Developer/Xcode/DerivedData/Scopy-dyqrbvwbykytxxhhnzcuxxctmqle/Build/Intermediates.noindex/Scopy.build/Debug/ScopyTests.build/Objects-normal/arm64/ScopyTests-Swift.h -working-directory /Users/ziyi/Documents/code/Scopy -experimental-emit-module-separately -disable-cmo

SwiftDriverJobDiscovery normal arm64 Emitting module for ScopyTests (in target 'ScopyTests' from project 'Scopy')

SwiftDriver\ Compilation\ Requirements ScopyTests normal arm64 com.apple.xcode.tools.swift.compiler (in target 'ScopyTests' from project 'Scopy')
    cd /Users/ziyi/Documents/code/Scopy
    builtin-Swift-Compilation-Requirements -- /Applications/Xcode.app/Contents/Developer/Toolchains/XcodeDefault.xctoolchain/usr/bin/swiftc -module-name ScopyTests -Onone -enforce-exclusivity\=checked @/Users/ziyi/Library/Developer/Xcode/DerivedData/Scopy-dyqrbvwbykytxxhhnzcuxxctmqle/Build/Intermediates.noindex/Scopy.build/Debug/ScopyTests.build/Objects-normal/arm64/ScopyTests.SwiftFileList -DDEBUG -plugin-path /Applications/Xcode.app/Contents/Developer/Toolchains/XcodeDefault.xctoolchain/usr/lib/swift/host/plugins/testing -enable-bare-slash-regex -enable-experimental-feature DebugDescriptionMacro -sdk /Applications/Xcode.app/Contents/Developer/Platforms/MacOSX.platform/Developer/SDKs/MacOSX15.4.sdk -target arm64-apple-macos14.0 -g -module-cache-path /Users/ziyi/Library/Developer/Xcode/DerivedData/ModuleCache.noindex -Xfrontend -serialize-debugging-options -profile-coverage-mapping -profile-generate -enable-testing -index-store-path /Users/ziyi/Library/Developer/Xcode/DerivedData/Scopy-dyqrbvwbykytxxhhnzcuxxctmqle/Index.noindex/DataStore -swift-version 5 -I /Users/ziyi/Library/Developer/Xcode/DerivedData/Scopy-dyqrbvwbykytxxhhnzcuxxctmqle/Build/Products/Debug -I /Applications/Xcode.app/Contents/Developer/Platforms/MacOSX.platform/Developer/usr/lib -F /Users/ziyi/Library/Developer/Xcode/DerivedData/Scopy-dyqrbvwbykytxxhhnzcuxxctmqle/Build/Products/Debug -F /Applications/Xcode.app/Contents/Developer/Platforms/MacOSX.platform/Developer/Library/Frameworks -c -j8 -enable-batch-mode -incremental -Xcc -ivfsstatcache -Xcc /Users/ziyi/Library/Developer/Xcode/DerivedData/SDKStatCaches.noindex/macosx15.4-24E241-88b860576fb364319593bd8fb30666b0.sdkstatcache -output-file-map /Users/ziyi/Library/Developer/Xcode/DerivedData/Scopy-dyqrbvwbykytxxhhnzcuxxctmqle/Build/Intermediates.noindex/Scopy.build/Debug/ScopyTests.build/Objects-normal/arm64/ScopyTests-OutputFileMap.json -use-frontend-parseable-output -save-temps -no-color-diagnostics -serialize-diagnostics -emit-dependencies -emit-module -emit-module-path /Users/ziyi/Library/Developer/Xcode/DerivedData/Scopy-dyqrbvwbykytxxhhnzcuxxctmqle/Build/Intermediates.noindex/Scopy.build/Debug/ScopyTests.build/Objects-normal/arm64/ScopyTests.swiftmodule -validate-clang-modules-once -clang-build-session-file /Users/ziyi/Library/Developer/Xcode/DerivedData/ModuleCache.noindex/Session.modulevalidation -Xcc -I/Users/ziyi/Library/Developer/Xcode/DerivedData/Scopy-dyqrbvwbykytxxhhnzcuxxctmqle/Build/Intermediates.noindex/Scopy.build/Debug/ScopyTests.build/swift-overrides.hmap -emit-const-values -Xfrontend -const-gather-protocols-file -Xfrontend /Users/ziyi/Library/Developer/Xcode/DerivedData/Scopy-dyqrbvwbykytxxhhnzcuxxctmqle/Build/Intermediates.noindex/Scopy.build/Debug/ScopyTests.build/Objects-normal/arm64/ScopyTests_const_extract_protocols.json -Xcc -iquote -Xcc /Users/ziyi/Library/Developer/Xcode/DerivedData/Scopy-dyqrbvwbykytxxhhnzcuxxctmqle/Build/Intermediates.noindex/Scopy.build/Debug/ScopyTests.build/ScopyTests-generated-files.hmap -Xcc -I/Users/ziyi/Library/Developer/Xcode/DerivedData/Scopy-dyqrbvwbykytxxhhnzcuxxctmqle/Build/Intermediates.noindex/Scopy.build/Debug/ScopyTests.build/ScopyTests-own-target-headers.hmap -Xcc -I/Users/ziyi/Library/Developer/Xcode/DerivedData/Scopy-dyqrbvwbykytxxhhnzcuxxctmqle/Build/Intermediates.noindex/Scopy.build/Debug/ScopyTests.build/ScopyTests-all-target-headers.hmap -Xcc -iquote -Xcc /Users/ziyi/Library/Developer/Xcode/DerivedData/Scopy-dyqrbvwbykytxxhhnzcuxxctmqle/Build/Intermediates.noindex/Scopy.build/Debug/ScopyTests.build/ScopyTests-project-headers.hmap -Xcc -I/Users/ziyi/Library/Developer/Xcode/DerivedData/Scopy-dyqrbvwbykytxxhhnzcuxxctmqle/Build/Products/Debug/include -Xcc -I/Users/ziyi/Library/Developer/Xcode/DerivedData/Scopy-dyqrbvwbykytxxhhnzcuxxctmqle/Build/Intermediates.noindex/Scopy.build/Debug/ScopyTests.build/DerivedSources-normal/arm64 -Xcc -I/Users/ziyi/Library/Developer/Xcode/DerivedData/Scopy-dyqrbvwbykytxxhhnzcuxxctmqle/Build/Intermediates.noindex/Scopy.build/Debug/ScopyTests.build/DerivedSources/arm64 -Xcc -I/Users/ziyi/Library/Developer/Xcode/DerivedData/Scopy-dyqrbvwbykytxxhhnzcuxxctmqle/Build/Intermediates.noindex/Scopy.build/Debug/ScopyTests.build/DerivedSources -Xcc -DDEBUG\=1 -emit-objc-header -emit-objc-header-path /Users/ziyi/Library/Developer/Xcode/DerivedData/Scopy-dyqrbvwbykytxxhhnzcuxxctmqle/Build/Intermediates.noindex/Scopy.build/Debug/ScopyTests.build/Objects-normal/arm64/ScopyTests-Swift.h -working-directory /Users/ziyi/Documents/code/Scopy -experimental-emit-module-separately -disable-cmo

Copy /Users/ziyi/Library/Developer/Xcode/DerivedData/Scopy-dyqrbvwbykytxxhhnzcuxxctmqle/Build/Products/Debug/ScopyTests.swiftmodule/arm64-apple-macos.swiftdoc /Users/ziyi/Library/Developer/Xcode/DerivedData/Scopy-dyqrbvwbykytxxhhnzcuxxctmqle/Build/Intermediates.noindex/Scopy.build/Debug/ScopyTests.build/Objects-normal/arm64/ScopyTests.swiftdoc (in target 'ScopyTests' from project 'Scopy')
    cd /Users/ziyi/Documents/code/Scopy
    builtin-copy -exclude .DS_Store -exclude CVS -exclude .svn -exclude .git -exclude .hg -resolve-src-symlinks -rename /Users/ziyi/Library/Developer/Xcode/DerivedData/Scopy-dyqrbvwbykytxxhhnzcuxxctmqle/Build/Intermediates.noindex/Scopy.build/Debug/ScopyTests.build/Objects-normal/arm64/ScopyTests.swiftdoc /Users/ziyi/Library/Developer/Xcode/DerivedData/Scopy-dyqrbvwbykytxxhhnzcuxxctmqle/Build/Products/Debug/ScopyTests.swiftmodule/arm64-apple-macos.swiftdoc

Copy /Users/ziyi/Library/Developer/Xcode/DerivedData/Scopy-dyqrbvwbykytxxhhnzcuxxctmqle/Build/Products/Debug/ScopyTests.swiftmodule/arm64-apple-macos.abi.json /Users/ziyi/Library/Developer/Xcode/DerivedData/Scopy-dyqrbvwbykytxxhhnzcuxxctmqle/Build/Intermediates.noindex/Scopy.build/Debug/ScopyTests.build/Objects-normal/arm64/ScopyTests.abi.json (in target 'ScopyTests' from project 'Scopy')
    cd /Users/ziyi/Documents/code/Scopy
    builtin-copy -exclude .DS_Store -exclude CVS -exclude .svn -exclude .git -exclude .hg -resolve-src-symlinks -rename /Users/ziyi/Library/Developer/Xcode/DerivedData/Scopy-dyqrbvwbykytxxhhnzcuxxctmqle/Build/Intermediates.noindex/Scopy.build/Debug/ScopyTests.build/Objects-normal/arm64/ScopyTests.abi.json /Users/ziyi/Library/Developer/Xcode/DerivedData/Scopy-dyqrbvwbykytxxhhnzcuxxctmqle/Build/Products/Debug/ScopyTests.swiftmodule/arm64-apple-macos.abi.json

Copy /Users/ziyi/Library/Developer/Xcode/DerivedData/Scopy-dyqrbvwbykytxxhhnzcuxxctmqle/Build/Products/Debug/ScopyTests.swiftmodule/arm64-apple-macos.swiftmodule /Users/ziyi/Library/Developer/Xcode/DerivedData/Scopy-dyqrbvwbykytxxhhnzcuxxctmqle/Build/Intermediates.noindex/Scopy.build/Debug/ScopyTests.build/Objects-normal/arm64/ScopyTests.swiftmodule (in target 'ScopyTests' from project 'Scopy')
    cd /Users/ziyi/Documents/code/Scopy
    builtin-copy -exclude .DS_Store -exclude CVS -exclude .svn -exclude .git -exclude .hg -resolve-src-symlinks -rename /Users/ziyi/Library/Developer/Xcode/DerivedData/Scopy-dyqrbvwbykytxxhhnzcuxxctmqle/Build/Intermediates.noindex/Scopy.build/Debug/ScopyTests.build/Objects-normal/arm64/ScopyTests.swiftmodule /Users/ziyi/Library/Developer/Xcode/DerivedData/Scopy-dyqrbvwbykytxxhhnzcuxxctmqle/Build/Products/Debug/ScopyTests.swiftmodule/arm64-apple-macos.swiftmodule

Copy /Users/ziyi/Library/Developer/Xcode/DerivedData/Scopy-dyqrbvwbykytxxhhnzcuxxctmqle/Build/Products/Debug/ScopyTests.swiftmodule/Project/arm64-apple-macos.swiftsourceinfo /Users/ziyi/Library/Developer/Xcode/DerivedData/Scopy-dyqrbvwbykytxxhhnzcuxxctmqle/Build/Intermediates.noindex/Scopy.build/Debug/ScopyTests.build/Objects-normal/arm64/ScopyTests.swiftsourceinfo (in target 'ScopyTests' from project 'Scopy')
    cd /Users/ziyi/Documents/code/Scopy
    builtin-copy -exclude .DS_Store -exclude CVS -exclude .svn -exclude .git -exclude .hg -resolve-src-symlinks -rename /Users/ziyi/Library/Developer/Xcode/DerivedData/Scopy-dyqrbvwbykytxxhhnzcuxxctmqle/Build/Intermediates.noindex/Scopy.build/Debug/ScopyTests.build/Objects-normal/arm64/ScopyTests.swiftsourceinfo /Users/ziyi/Library/Developer/Xcode/DerivedData/Scopy-dyqrbvwbykytxxhhnzcuxxctmqle/Build/Products/Debug/ScopyTests.swiftmodule/Project/arm64-apple-macos.swiftsourceinfo

SwiftDriverJobDiscovery normal arm64 Compiling ScopyApp.swift (in target 'Scopy' from project 'Scopy')

SwiftDriverJobDiscovery normal arm64 Compiling ContentView.swift (in target 'Scopy' from project 'Scopy')

SwiftDriverJobDiscovery normal arm64 Compiling FooterView.swift (in target 'Scopy' from project 'Scopy')

SwiftDriverJobDiscovery normal arm64 Compiling AppDelegate.swift (in target 'Scopy' from project 'Scopy')

SwiftDriverJobDiscovery normal arm64 Compiling AppState.swift (in target 'Scopy' from project 'Scopy')

SwiftDriver\ Compilation Scopy normal arm64 com.apple.xcode.tools.swift.compiler (in target 'Scopy' from project 'Scopy')
    cd /Users/ziyi/Documents/code/Scopy
    builtin-Swift-Compilation -- /Applications/Xcode.app/Contents/Developer/Toolchains/XcodeDefault.xctoolchain/usr/bin/swiftc -module-name Scopy -Onone -enforce-exclusivity\=checked @/Users/ziyi/Library/Developer/Xcode/DerivedData/Scopy-dyqrbvwbykytxxhhnzcuxxctmqle/Build/Intermediates.noindex/Scopy.build/Debug/Scopy.build/Objects-normal/arm64/Scopy.SwiftFileList -DDEBUG -enable-bare-slash-regex -enable-experimental-feature DebugDescriptionMacro -sdk /Applications/Xcode.app/Contents/Developer/Platforms/MacOSX.platform/Developer/SDKs/MacOSX15.4.sdk -target arm64-apple-macos14.0 -g -module-cache-path /Users/ziyi/Library/Developer/Xcode/DerivedData/ModuleCache.noindex -Xfrontend -serialize-debugging-options -profile-coverage-mapping -profile-generate -enable-testing -index-store-path /Users/ziyi/Library/Developer/Xcode/DerivedData/Scopy-dyqrbvwbykytxxhhnzcuxxctmqle/Index.noindex/DataStore -swift-version 5 -I /Users/ziyi/Library/Developer/Xcode/DerivedData/Scopy-dyqrbvwbykytxxhhnzcuxxctmqle/Build/Products/Debug -F /Users/ziyi/Library/Developer/Xcode/DerivedData/Scopy-dyqrbvwbykytxxhhnzcuxxctmqle/Build/Products/Debug -c -j8 -enable-batch-mode -incremental -Xcc -ivfsstatcache -Xcc /Users/ziyi/Library/Developer/Xcode/DerivedData/SDKStatCaches.noindex/macosx15.4-24E241-88b860576fb364319593bd8fb30666b0.sdkstatcache -output-file-map /Users/ziyi/Library/Developer/Xcode/DerivedData/Scopy-dyqrbvwbykytxxhhnzcuxxctmqle/Build/Intermediates.noindex/Scopy.build/Debug/Scopy.build/Objects-normal/arm64/Scopy-OutputFileMap.json -use-frontend-parseable-output -save-temps -no-color-diagnostics -serialize-diagnostics -emit-dependencies -emit-module -emit-module-path /Users/ziyi/Library/Developer/Xcode/DerivedData/Scopy-dyqrbvwbykytxxhhnzcuxxctmqle/Build/Intermediates.noindex/Scopy.build/Debug/Scopy.build/Objects-normal/arm64/Scopy.swiftmodule -validate-clang-modules-once -clang-build-session-file /Users/ziyi/Library/Developer/Xcode/DerivedData/ModuleCache.noindex/Session.modulevalidation -Xcc -I/Users/ziyi/Library/Developer/Xcode/DerivedData/Scopy-dyqrbvwbykytxxhhnzcuxxctmqle/Build/Intermediates.noindex/Scopy.build/Debug/Scopy.build/swift-overrides.hmap -emit-const-values -Xfrontend -const-gather-protocols-file -Xfrontend /Users/ziyi/Library/Developer/Xcode/DerivedData/Scopy-dyqrbvwbykytxxhhnzcuxxctmqle/Build/Intermediates.noindex/Scopy.build/Debug/Scopy.build/Objects-normal/arm64/Scopy_const_extract_protocols.json -Xcc -iquote -Xcc /Users/ziyi/Library/Developer/Xcode/DerivedData/Scopy-dyqrbvwbykytxxhhnzcuxxctmqle/Build/Intermediates.noindex/Scopy.build/Debug/Scopy.build/Scopy-generated-files.hmap -Xcc -I/Users/ziyi/Library/Developer/Xcode/DerivedData/Scopy-dyqrbvwbykytxxhhnzcuxxctmqle/Build/Intermediates.noindex/Scopy.build/Debug/Scopy.build/Scopy-own-target-headers.hmap -Xcc -I/Users/ziyi/Library/Developer/Xcode/DerivedData/Scopy-dyqrbvwbykytxxhhnzcuxxctmqle/Build/Intermediates.noindex/Scopy.build/Debug/Scopy.build/Scopy-all-target-headers.hmap -Xcc -iquote -Xcc /Users/ziyi/Library/Developer/Xcode/DerivedData/Scopy-dyqrbvwbykytxxhhnzcuxxctmqle/Build/Intermediates.noindex/Scopy.build/Debug/Scopy.build/Scopy-project-headers.hmap -Xcc -I/Users/ziyi/Library/Developer/Xcode/DerivedData/Scopy-dyqrbvwbykytxxhhnzcuxxctmqle/Build/Products/Debug/include -Xcc -I/Users/ziyi/Library/Developer/Xcode/DerivedData/Scopy-dyqrbvwbykytxxhhnzcuxxctmqle/Build/Intermediates.noindex/Scopy.build/Debug/Scopy.build/DerivedSources-normal/arm64 -Xcc -I/Users/ziyi/Library/Developer/Xcode/DerivedData/Scopy-dyqrbvwbykytxxhhnzcuxxctmqle/Build/Intermediates.noindex/Scopy.build/Debug/Scopy.build/DerivedSources/arm64 -Xcc -I/Users/ziyi/Library/Developer/Xcode/DerivedData/Scopy-dyqrbvwbykytxxhhnzcuxxctmqle/Build/Intermediates.noindex/Scopy.build/Debug/Scopy.build/DerivedSources -Xcc -DDEBUG\=1 -emit-objc-header -emit-objc-header-path /Users/ziyi/Library/Developer/Xcode/DerivedData/Scopy-dyqrbvwbykytxxhhnzcuxxctmqle/Build/Intermediates.noindex/Scopy.build/Debug/Scopy.build/Objects-normal/arm64/Scopy-Swift.h -working-directory /Users/ziyi/Documents/code/Scopy -experimental-emit-module-separately -disable-cmo

Ld /Users/ziyi/Library/Developer/Xcode/DerivedData/Scopy-dyqrbvwbykytxxhhnzcuxxctmqle/Build/Products/Debug/Scopy.app/Contents/MacOS/Scopy.debug.dylib normal (in target 'Scopy' from project 'Scopy')
    cd /Users/ziyi/Documents/code/Scopy
    /Applications/Xcode.app/Contents/Developer/Toolchains/XcodeDefault.xctoolchain/usr/bin/clang -Xlinker -reproducible -target arm64-apple-macos14.0 -dynamiclib -isysroot /Applications/Xcode.app/Contents/Developer/Platforms/MacOSX.platform/Developer/SDKs/MacOSX15.4.sdk -O0 -L/Users/ziyi/Library/Developer/Xcode/DerivedData/Scopy-dyqrbvwbykytxxhhnzcuxxctmqle/Build/Intermediates.noindex/EagerLinkingTBDs/Debug -L/Users/ziyi/Library/Developer/Xcode/DerivedData/Scopy-dyqrbvwbykytxxhhnzcuxxctmqle/Build/Products/Debug -F/Users/ziyi/Library/Developer/Xcode/DerivedData/Scopy-dyqrbvwbykytxxhhnzcuxxctmqle/Build/Intermediates.noindex/EagerLinkingTBDs/Debug -F/Users/ziyi/Library/Developer/Xcode/DerivedData/Scopy-dyqrbvwbykytxxhhnzcuxxctmqle/Build/Products/Debug -filelist /Users/ziyi/Library/Developer/Xcode/DerivedData/Scopy-dyqrbvwbykytxxhhnzcuxxctmqle/Build/Intermediates.noindex/Scopy.build/Debug/Scopy.build/Objects-normal/arm64/Scopy.LinkFileList -install_name @rpath/Scopy.debug.dylib -Xlinker -rpath -Xlinker @executable_path/../Frameworks -Xlinker -object_path_lto -Xlinker /Users/ziyi/Library/Developer/Xcode/DerivedData/Scopy-dyqrbvwbykytxxhhnzcuxxctmqle/Build/Intermediates.noindex/Scopy.build/Debug/Scopy.build/Objects-normal/arm64/Scopy_lto.o -rdynamic -Xlinker -no_deduplicate -Xlinker -debug_variant -Xlinker -dependency_info -Xlinker /Users/ziyi/Library/Developer/Xcode/DerivedData/Scopy-dyqrbvwbykytxxhhnzcuxxctmqle/Build/Intermediates.noindex/Scopy.build/Debug/Scopy.build/Objects-normal/arm64/Scopy_dependency_info.dat -fobjc-link-runtime -fprofile-instr-generate -L/Applications/Xcode.app/Contents/Developer/Toolchains/XcodeDefault.xctoolchain/usr/lib/swift/macosx -L/usr/lib/swift -Xlinker -add_ast_path -Xlinker /Users/ziyi/Library/Developer/Xcode/DerivedData/Scopy-dyqrbvwbykytxxhhnzcuxxctmqle/Build/Intermediates.noindex/Scopy.build/Debug/Scopy.build/Objects-normal/arm64/Scopy.swiftmodule -Xlinker -alias -Xlinker _main -Xlinker ___debug_main_executable_dylib_entry_point -lsqlite3 -Xlinker -no_adhoc_codesign -o /Users/ziyi/Library/Developer/Xcode/DerivedData/Scopy-dyqrbvwbykytxxhhnzcuxxctmqle/Build/Products/Debug/Scopy.app/Contents/MacOS/Scopy.debug.dylib

ConstructStubExecutorLinkFileList /Users/ziyi/Library/Developer/Xcode/DerivedData/Scopy-dyqrbvwbykytxxhhnzcuxxctmqle/Build/Intermediates.noindex/Scopy.build/Debug/Scopy.build/Scopy-ExecutorLinkFileList-normal-arm64.txt (in target 'Scopy' from project 'Scopy')
    cd /Users/ziyi/Documents/code/Scopy
    construct-stub-executor-link-file-list /Users/ziyi/Library/Developer/Xcode/DerivedData/Scopy-dyqrbvwbykytxxhhnzcuxxctmqle/Build/Products/Debug/Scopy.app/Contents/MacOS/Scopy.debug.dylib /Applications/Xcode.app/Contents/Developer/Platforms/MacOSX.platform/Developer/usr/lib/libPreviewsJITStubExecutor_no_swift_entry_point.a /Applications/Xcode.app/Contents/Developer/Platforms/MacOSX.platform/Developer/usr/lib/libPreviewsJITStubExecutor.a --output /Users/ziyi/Library/Developer/Xcode/DerivedData/Scopy-dyqrbvwbykytxxhhnzcuxxctmqle/Build/Intermediates.noindex/Scopy.build/Debug/Scopy.build/Scopy-ExecutorLinkFileList-normal-arm64.txt
note: Using stub executor library with Swift entry point. (in target 'Scopy' from project 'Scopy')

Ld /Users/ziyi/Library/Developer/Xcode/DerivedData/Scopy-dyqrbvwbykytxxhhnzcuxxctmqle/Build/Products/Debug/Scopy.app/Contents/MacOS/Scopy normal (in target 'Scopy' from project 'Scopy')
    cd /Users/ziyi/Documents/code/Scopy
    /Applications/Xcode.app/Contents/Developer/Toolchains/XcodeDefault.xctoolchain/usr/bin/clang -Xlinker -reproducible -target arm64-apple-macos14.0 -isysroot /Applications/Xcode.app/Contents/Developer/Platforms/MacOSX.platform/Developer/SDKs/MacOSX15.4.sdk -O0 -L/Users/ziyi/Library/Developer/Xcode/DerivedData/Scopy-dyqrbvwbykytxxhhnzcuxxctmqle/Build/Products/Debug -F/Users/ziyi/Library/Developer/Xcode/DerivedData/Scopy-dyqrbvwbykytxxhhnzcuxxctmqle/Build/Products/Debug -Xlinker -rpath -Xlinker @executable_path -Xlinker -rpath -Xlinker @executable_path/../Frameworks -rdynamic -Xlinker -no_deduplicate -Xlinker -debug_variant -e ___debug_blank_executor_main -Xlinker -sectcreate -Xlinker __TEXT -Xlinker __debug_dylib -Xlinker /Users/ziyi/Library/Developer/Xcode/DerivedData/Scopy-dyqrbvwbykytxxhhnzcuxxctmqle/Build/Intermediates.noindex/Scopy.build/Debug/Scopy.build/Scopy-DebugDylibPath-normal-arm64.txt -Xlinker -sectcreate -Xlinker __TEXT -Xlinker __debug_instlnm -Xlinker /Users/ziyi/Library/Developer/Xcode/DerivedData/Scopy-dyqrbvwbykytxxhhnzcuxxctmqle/Build/Intermediates.noindex/Scopy.build/Debug/Scopy.build/Scopy-DebugDylibInstallName-normal-arm64.txt -Xlinker -filelist -Xlinker /Users/ziyi/Library/Developer/Xcode/DerivedData/Scopy-dyqrbvwbykytxxhhnzcuxxctmqle/Build/Intermediates.noindex/Scopy.build/Debug/Scopy.build/Scopy-ExecutorLinkFileList-normal-arm64.txt /Users/ziyi/Library/Developer/Xcode/DerivedData/Scopy-dyqrbvwbykytxxhhnzcuxxctmqle/Build/Products/Debug/Scopy.app/Contents/MacOS/Scopy.debug.dylib -Xlinker -no_adhoc_codesign -o /Users/ziyi/Library/Developer/Xcode/DerivedData/Scopy-dyqrbvwbykytxxhhnzcuxxctmqle/Build/Products/Debug/Scopy.app/Contents/MacOS/Scopy

ExtractAppIntentsMetadata (in target 'Scopy' from project 'Scopy')
    cd /Users/ziyi/Documents/code/Scopy
    /Applications/Xcode.app/Contents/Developer/Toolchains/XcodeDefault.xctoolchain/usr/bin/appintentsmetadataprocessor --toolchain-dir /Applications/Xcode.app/Contents/Developer/Toolchains/XcodeDefault.xctoolchain --module-name Scopy --sdk-root /Applications/Xcode.app/Contents/Developer/Platforms/MacOSX.platform/Developer/SDKs/MacOSX15.4.sdk --xcode-version 16E140 --platform-family macOS --deployment-target 14.0 --bundle-identifier com.scopy.app --output /Users/ziyi/Library/Developer/Xcode/DerivedData/Scopy-dyqrbvwbykytxxhhnzcuxxctmqle/Build/Products/Debug/Scopy.app/Contents/Resources --target-triple arm64-apple-macos14.0 --binary-file /Users/ziyi/Library/Developer/Xcode/DerivedData/Scopy-dyqrbvwbykytxxhhnzcuxxctmqle/Build/Products/Debug/Scopy.app/Contents/MacOS/Scopy --dependency-file /Users/ziyi/Library/Developer/Xcode/DerivedData/Scopy-dyqrbvwbykytxxhhnzcuxxctmqle/Build/Intermediates.noindex/Scopy.build/Debug/Scopy.build/Objects-normal/arm64/Scopy_dependency_info.dat --stringsdata-file /Users/ziyi/Library/Developer/Xcode/DerivedData/Scopy-dyqrbvwbykytxxhhnzcuxxctmqle/Build/Intermediates.noindex/Scopy.build/Debug/Scopy.build/Objects-normal/arm64/ExtractedAppShortcutsMetadata.stringsdata --source-file-list /Users/ziyi/Library/Developer/Xcode/DerivedData/Scopy-dyqrbvwbykytxxhhnzcuxxctmqle/Build/Intermediates.noindex/Scopy.build/Debug/Scopy.build/Objects-normal/arm64/Scopy.SwiftFileList --metadata-file-list /Users/ziyi/Library/Developer/Xcode/DerivedData/Scopy-dyqrbvwbykytxxhhnzcuxxctmqle/Build/Intermediates.noindex/Scopy.build/Debug/Scopy.build/Scopy.DependencyMetadataFileList --static-metadata-file-list /Users/ziyi/Library/Developer/Xcode/DerivedData/Scopy-dyqrbvwbykytxxhhnzcuxxctmqle/Build/Intermediates.noindex/Scopy.build/Debug/Scopy.build/Scopy.DependencyStaticMetadataFileList --swift-const-vals-list /Users/ziyi/Library/Developer/Xcode/DerivedData/Scopy-dyqrbvwbykytxxhhnzcuxxctmqle/Build/Intermediates.noindex/Scopy.build/Debug/Scopy.build/Objects-normal/arm64/Scopy.SwiftConstValuesFileList --compile-time-extraction --deployment-aware-processing --validate-assistant-intents --no-app-shortcuts-localization
2025-11-27 12:36:39.518 appintentsmetadataprocessor[4753:13002400] Starting appintentsmetadataprocessor export
2025-11-27 12:36:39.519 appintentsmetadataprocessor[4753:13002400] warning: Metadata extraction skipped. No AppIntents.framework dependency found.

CopySwiftLibs /Users/ziyi/Library/Developer/Xcode/DerivedData/Scopy-dyqrbvwbykytxxhhnzcuxxctmqle/Build/Products/Debug/Scopy.app (in target 'Scopy' from project 'Scopy')
    cd /Users/ziyi/Documents/code/Scopy
    builtin-swiftStdLibTool --copy --verbose --sign - --scan-executable /Users/ziyi/Library/Developer/Xcode/DerivedData/Scopy-dyqrbvwbykytxxhhnzcuxxctmqle/Build/Products/Debug/Scopy.app/Contents/MacOS/Scopy.debug.dylib --scan-folder /Users/ziyi/Library/Developer/Xcode/DerivedData/Scopy-dyqrbvwbykytxxhhnzcuxxctmqle/Build/Products/Debug/Scopy.app/Contents/Frameworks --scan-folder /Users/ziyi/Library/Developer/Xcode/DerivedData/Scopy-dyqrbvwbykytxxhhnzcuxxctmqle/Build/Products/Debug/Scopy.app/Contents/PlugIns --scan-folder /Users/ziyi/Library/Developer/Xcode/DerivedData/Scopy-dyqrbvwbykytxxhhnzcuxxctmqle/Build/Products/Debug/Scopy.app/Contents/Library/SystemExtensions --scan-folder /Users/ziyi/Library/Developer/Xcode/DerivedData/Scopy-dyqrbvwbykytxxhhnzcuxxctmqle/Build/Products/Debug/Scopy.app/Contents/Extensions --platform macosx --toolchain /Applications/Xcode.app/Contents/Developer/Toolchains/XcodeDefault.xctoolchain --destination /Users/ziyi/Library/Developer/Xcode/DerivedData/Scopy-dyqrbvwbykytxxhhnzcuxxctmqle/Build/Products/Debug/Scopy.app/Contents/Frameworks --strip-bitcode --strip-bitcode-tool /Applications/Xcode.app/Contents/Developer/Toolchains/XcodeDefault.xctoolchain/usr/bin/bitcode_strip --emit-dependency-info /Users/ziyi/Library/Developer/Xcode/DerivedData/Scopy-dyqrbvwbykytxxhhnzcuxxctmqle/Build/Intermediates.noindex/Scopy.build/Debug/Scopy.build/SwiftStdLibToolInputDependencies.dep --filter-for-swift-os

Ld /Users/ziyi/Library/Developer/Xcode/DerivedData/Scopy-dyqrbvwbykytxxhhnzcuxxctmqle/Build/Products/Debug/Scopy.app/Contents/PlugIns/ScopyTests.xctest/Contents/MacOS/ScopyTests normal (in target 'ScopyTests' from project 'Scopy')
    cd /Users/ziyi/Documents/code/Scopy
    /Applications/Xcode.app/Contents/Developer/Toolchains/XcodeDefault.xctoolchain/usr/bin/clang -Xlinker -reproducible -target arm64-apple-macos14.0 -bundle -isysroot /Applications/Xcode.app/Contents/Developer/Platforms/MacOSX.platform/Developer/SDKs/MacOSX15.4.sdk -O0 -L/Users/ziyi/Library/Developer/Xcode/DerivedData/Scopy-dyqrbvwbykytxxhhnzcuxxctmqle/Build/Intermediates.noindex/EagerLinkingTBDs/Debug -L/Users/ziyi/Library/Developer/Xcode/DerivedData/Scopy-dyqrbvwbykytxxhhnzcuxxctmqle/Build/Products/Debug -L/Applications/Xcode.app/Contents/Developer/Platforms/MacOSX.platform/Developer/usr/lib -F/Users/ziyi/Library/Developer/Xcode/DerivedData/Scopy-dyqrbvwbykytxxhhnzcuxxctmqle/Build/Intermediates.noindex/EagerLinkingTBDs/Debug -F/Users/ziyi/Library/Developer/Xcode/DerivedData/Scopy-dyqrbvwbykytxxhhnzcuxxctmqle/Build/Products/Debug -iframework /Applications/Xcode.app/Contents/Developer/Platforms/MacOSX.platform/Developer/Library/Frameworks -filelist /Users/ziyi/Library/Developer/Xcode/DerivedData/Scopy-dyqrbvwbykytxxhhnzcuxxctmqle/Build/Intermediates.noindex/Scopy.build/Debug/ScopyTests.build/Objects-normal/arm64/ScopyTests.LinkFileList -Xlinker -rpath -Xlinker @loader_path/../Frameworks -Xlinker -rpath -Xlinker @executable_path/../Frameworks -bundle_loader /Users/ziyi/Library/Developer/Xcode/DerivedData/Scopy-dyqrbvwbykytxxhhnzcuxxctmqle/Build/Products/Debug/Scopy.app/Contents/MacOS/Scopy -Xlinker -object_path_lto -Xlinker /Users/ziyi/Library/Developer/Xcode/DerivedData/Scopy-dyqrbvwbykytxxhhnzcuxxctmqle/Build/Intermediates.noindex/Scopy.build/Debug/ScopyTests.build/Objects-normal/arm64/ScopyTests_lto.o -rdynamic -Xlinker -no_deduplicate -Xlinker -debug_variant -Xlinker -dependency_info -Xlinker /Users/ziyi/Library/Developer/Xcode/DerivedData/Scopy-dyqrbvwbykytxxhhnzcuxxctmqle/Build/Intermediates.noindex/Scopy.build/Debug/ScopyTests.build/Objects-normal/arm64/ScopyTests_dependency_info.dat -fobjc-link-runtime -fprofile-instr-generate -L/Applications/Xcode.app/Contents/Developer/Toolchains/XcodeDefault.xctoolchain/usr/lib/swift/macosx -L/usr/lib/swift -Xlinker -add_ast_path -Xlinker /Users/ziyi/Library/Developer/Xcode/DerivedData/Scopy-dyqrbvwbykytxxhhnzcuxxctmqle/Build/Intermediates.noindex/Scopy.build/Debug/ScopyTests.build/Objects-normal/arm64/ScopyTests.swiftmodule -framework XCTest -lXCTestSwiftSupport /Users/ziyi/Library/Developer/Xcode/DerivedData/Scopy-dyqrbvwbykytxxhhnzcuxxctmqle/Build/Products/Debug/Scopy.app/Contents/MacOS/Scopy.debug.dylib -Xlinker -no_adhoc_codesign -o /Users/ziyi/Library/Developer/Xcode/DerivedData/Scopy-dyqrbvwbykytxxhhnzcuxxctmqle/Build/Products/Debug/Scopy.app/Contents/PlugIns/ScopyTests.xctest/Contents/MacOS/ScopyTests

ExtractAppIntentsMetadata (in target 'ScopyTests' from project 'Scopy')
    cd /Users/ziyi/Documents/code/Scopy
    /Applications/Xcode.app/Contents/Developer/Toolchains/XcodeDefault.xctoolchain/usr/bin/appintentsmetadataprocessor --toolchain-dir /Applications/Xcode.app/Contents/Developer/Toolchains/XcodeDefault.xctoolchain --module-name ScopyTests --sdk-root /Applications/Xcode.app/Contents/Developer/Platforms/MacOSX.platform/Developer/SDKs/MacOSX15.4.sdk --xcode-version 16E140 --platform-family macOS --deployment-target 14.0 --bundle-identifier com.scopy.tests --output /Users/ziyi/Library/Developer/Xcode/DerivedData/Scopy-dyqrbvwbykytxxhhnzcuxxctmqle/Build/Products/Debug/Scopy.app/Contents/PlugIns/ScopyTests.xctest/Contents/Resources --target-triple arm64-apple-macos14.0 --binary-file /Users/ziyi/Library/Developer/Xcode/DerivedData/Scopy-dyqrbvwbykytxxhhnzcuxxctmqle/Build/Products/Debug/Scopy.app/Contents/PlugIns/ScopyTests.xctest/Contents/MacOS/ScopyTests --dependency-file /Users/ziyi/Library/Developer/Xcode/DerivedData/Scopy-dyqrbvwbykytxxhhnzcuxxctmqle/Build/Intermediates.noindex/Scopy.build/Debug/ScopyTests.build/Objects-normal/arm64/ScopyTests_dependency_info.dat --stringsdata-file /Users/ziyi/Library/Developer/Xcode/DerivedData/Scopy-dyqrbvwbykytxxhhnzcuxxctmqle/Build/Intermediates.noindex/Scopy.build/Debug/ScopyTests.build/Objects-normal/arm64/ExtractedAppShortcutsMetadata.stringsdata --source-file-list /Users/ziyi/Library/Developer/Xcode/DerivedData/Scopy-dyqrbvwbykytxxhhnzcuxxctmqle/Build/Intermediates.noindex/Scopy.build/Debug/ScopyTests.build/Objects-normal/arm64/ScopyTests.SwiftFileList --metadata-file-list /Users/ziyi/Library/Developer/Xcode/DerivedData/Scopy-dyqrbvwbykytxxhhnzcuxxctmqle/Build/Intermediates.noindex/Scopy.build/Debug/ScopyTests.build/ScopyTests.DependencyMetadataFileList --static-metadata-file-list /Users/ziyi/Library/Developer/Xcode/DerivedData/Scopy-dyqrbvwbykytxxhhnzcuxxctmqle/Build/Intermediates.noindex/Scopy.build/Debug/ScopyTests.build/ScopyTests.DependencyStaticMetadataFileList --swift-const-vals-list /Users/ziyi/Library/Developer/Xcode/DerivedData/Scopy-dyqrbvwbykytxxhhnzcuxxctmqle/Build/Intermediates.noindex/Scopy.build/Debug/ScopyTests.build/Objects-normal/arm64/ScopyTests.SwiftConstValuesFileList --compile-time-extraction --deployment-aware-processing --validate-assistant-intents --no-app-shortcuts-localization
2025-11-27 12:36:39.829 appintentsmetadataprocessor[4756:13002417] Starting appintentsmetadataprocessor export
2025-11-27 12:36:39.830 appintentsmetadataprocessor[4756:13002417] warning: Metadata extraction skipped. No AppIntents.framework dependency found.

CopySwiftLibs /Users/ziyi/Library/Developer/Xcode/DerivedData/Scopy-dyqrbvwbykytxxhhnzcuxxctmqle/Build/Products/Debug/Scopy.app/Contents/PlugIns/ScopyTests.xctest (in target 'ScopyTests' from project 'Scopy')
    cd /Users/ziyi/Documents/code/Scopy
    builtin-swiftStdLibTool --copy --verbose --sign - --scan-executable /Users/ziyi/Library/Developer/Xcode/DerivedData/Scopy-dyqrbvwbykytxxhhnzcuxxctmqle/Build/Products/Debug/Scopy.app/Contents/PlugIns/ScopyTests.xctest/Contents/MacOS/ScopyTests --scan-folder /Users/ziyi/Library/Developer/Xcode/DerivedData/Scopy-dyqrbvwbykytxxhhnzcuxxctmqle/Build/Products/Debug/Scopy.app/Contents/PlugIns/ScopyTests.xctest/Contents/Frameworks --scan-folder /Users/ziyi/Library/Developer/Xcode/DerivedData/Scopy-dyqrbvwbykytxxhhnzcuxxctmqle/Build/Products/Debug/Scopy.app/Contents/PlugIns/ScopyTests.xctest/Contents/PlugIns --scan-folder /Users/ziyi/Library/Developer/Xcode/DerivedData/Scopy-dyqrbvwbykytxxhhnzcuxxctmqle/Build/Products/Debug/Scopy.app/Contents/PlugIns/ScopyTests.xctest/Contents/Library/SystemExtensions --scan-folder /Users/ziyi/Library/Developer/Xcode/DerivedData/Scopy-dyqrbvwbykytxxhhnzcuxxctmqle/Build/Products/Debug/Scopy.app/Contents/PlugIns/ScopyTests.xctest/Contents/Extensions --platform macosx --toolchain /Applications/Xcode.app/Contents/Developer/Toolchains/XcodeDefault.xctoolchain --destination /Users/ziyi/Library/Developer/Xcode/DerivedData/Scopy-dyqrbvwbykytxxhhnzcuxxctmqle/Build/Products/Debug/Scopy.app/Contents/PlugIns/ScopyTests.xctest/Contents/Frameworks --strip-bitcode --scan-executable /Applications/Xcode.app/Contents/Developer/Platforms/MacOSX.platform/Developer/usr/lib/libXCTestSwiftSupport.dylib --strip-bitcode-tool /Applications/Xcode.app/Contents/Developer/Toolchains/XcodeDefault.xctoolchain/usr/bin/bitcode_strip --emit-dependency-info /Users/ziyi/Library/Developer/Xcode/DerivedData/Scopy-dyqrbvwbykytxxhhnzcuxxctmqle/Build/Intermediates.noindex/Scopy.build/Debug/ScopyTests.build/SwiftStdLibToolInputDependencies.dep --filter-for-swift-os

CodeSign /Users/ziyi/Library/Developer/Xcode/DerivedData/Scopy-dyqrbvwbykytxxhhnzcuxxctmqle/Build/Products/Debug/Scopy.app/Contents/PlugIns/ScopyTests.xctest (in target 'ScopyTests' from project 'Scopy')
    cd /Users/ziyi/Documents/code/Scopy
    
    Signing Identity:     "Sign to Run Locally"
    
    /usr/bin/codesign --force --sign - --entitlements /Users/ziyi/Library/Developer/Xcode/DerivedData/Scopy-dyqrbvwbykytxxhhnzcuxxctmqle/Build/Intermediates.noindex/Scopy.build/Debug/ScopyTests.build/ScopyTests.xctest.xcent --timestamp\=none --generate-entitlement-der /Users/ziyi/Library/Developer/Xcode/DerivedData/Scopy-dyqrbvwbykytxxhhnzcuxxctmqle/Build/Products/Debug/Scopy.app/Contents/PlugIns/ScopyTests.xctest

CodeSign /Users/ziyi/Library/Developer/Xcode/DerivedData/Scopy-dyqrbvwbykytxxhhnzcuxxctmqle/Build/Products/Debug/Scopy.app/Contents/MacOS/Scopy.debug.dylib (in target 'Scopy' from project 'Scopy')
    cd /Users/ziyi/Documents/code/Scopy
    
    Signing Identity:     "Sign to Run Locally"
    
    /usr/bin/codesign --force --sign - --timestamp\=none --generate-entitlement-der /Users/ziyi/Library/Developer/Xcode/DerivedData/Scopy-dyqrbvwbykytxxhhnzcuxxctmqle/Build/Products/Debug/Scopy.app/Contents/MacOS/Scopy.debug.dylib

CodeSign /Users/ziyi/Library/Developer/Xcode/DerivedData/Scopy-dyqrbvwbykytxxhhnzcuxxctmqle/Build/Products/Debug/Scopy.app/Contents/MacOS/__preview.dylib (in target 'Scopy' from project 'Scopy')
    cd /Users/ziyi/Documents/code/Scopy
    
    Signing Identity:     "Sign to Run Locally"
    
    /usr/bin/codesign --force --sign - --timestamp\=none --generate-entitlement-der /Users/ziyi/Library/Developer/Xcode/DerivedData/Scopy-dyqrbvwbykytxxhhnzcuxxctmqle/Build/Products/Debug/Scopy.app/Contents/MacOS/__preview.dylib
/Users/ziyi/Library/Developer/Xcode/DerivedData/Scopy-dyqrbvwbykytxxhhnzcuxxctmqle/Build/Products/Debug/Scopy.app/Contents/MacOS/__preview.dylib: replacing existing signature

CodeSign /Users/ziyi/Library/Developer/Xcode/DerivedData/Scopy-dyqrbvwbykytxxhhnzcuxxctmqle/Build/Products/Debug/Scopy.app (in target 'Scopy' from project 'Scopy')
    cd /Users/ziyi/Documents/code/Scopy
    
    Signing Identity:     "Sign to Run Locally"
    
    /usr/bin/codesign --force --sign - --entitlements /Users/ziyi/Library/Developer/Xcode/DerivedData/Scopy-dyqrbvwbykytxxhhnzcuxxctmqle/Build/Intermediates.noindex/Scopy.build/Debug/Scopy.build/Scopy.app.xcent --timestamp\=none --generate-entitlement-der /Users/ziyi/Library/Developer/Xcode/DerivedData/Scopy-dyqrbvwbykytxxhhnzcuxxctmqle/Build/Products/Debug/Scopy.app

Validate /Users/ziyi/Library/Developer/Xcode/DerivedData/Scopy-dyqrbvwbykytxxhhnzcuxxctmqle/Build/Products/Debug/Scopy.app (in target 'Scopy' from project 'Scopy')
    cd /Users/ziyi/Documents/code/Scopy
    builtin-validationUtility /Users/ziyi/Library/Developer/Xcode/DerivedData/Scopy-dyqrbvwbykytxxhhnzcuxxctmqle/Build/Products/Debug/Scopy.app -no-validate-extension -infoplist-subpath Contents/Info.plist

RegisterWithLaunchServices /Users/ziyi/Library/Developer/Xcode/DerivedData/Scopy-dyqrbvwbykytxxhhnzcuxxctmqle/Build/Products/Debug/Scopy.app (in target 'Scopy' from project 'Scopy')
    cd /Users/ziyi/Documents/code/Scopy
    /System/Library/Frameworks/CoreServices.framework/Versions/Current/Frameworks/LaunchServices.framework/Versions/Current/Support/lsregister -f -R -trusted /Users/ziyi/Library/Developer/Xcode/DerivedData/Scopy-dyqrbvwbykytxxhhnzcuxxctmqle/Build/Products/Debug/Scopy.app

📋 Using Mock Clipboard Service
✅ Global hotkey ⇧⌘C registered successfully
2025-11-27 12:36:41.560019+0800 Scopy[4768:13002544] [general] *** Assertion failure in -[NSApplication init], NSApplication.m:1590
2025-11-27 12:36:41.562713+0800 Scopy[4768:13002544] [General] Creating more than one Application
2025-11-27 12:36:41.583880+0800 Scopy[4768:13002544] [General] (
	0   CoreFoundation                      0x000000019fc03a30 __exceptionPreprocess + 176
	1   libobjc.A.dylib                     0x000000019f6c6b90 objc_exception_throw + 88
	2   Foundation                          0x00000001a1213a78 -[NSCalendarDate initWithCoder:] + 0
	3   AppKit                              0x00000001a3a7c144 -[NSApplication init] + 1844
	4   XCTestCore                          0x00000001045b11c4 -[XCTestDriver _createTestBundlePrincipalClassInstance] + 76
	5   XCTestCore                          0x00000001045af414 -[XCTestDriver _runTests] + 108
	6   XCTestCore                          0x0000000104567e28 _XCTestMain + 120
	7   libXCTestBundleInject.dylib         0x0000000104259438 __RunTests_block_invoke_2 + 0
	8   CoreFoundation                      0x000000019fbbf040 __CFMachPortPerform + 288
	9   CoreFoundation                      0x000000019fb92fe0 __CFRUNLOOP_IS_CALLING_OUT_TO_A_SOURCE1_PERFORM_FUNCTION__ + 60
	10  CoreFoundation                      0x000000019fb92f08 __CFRunLoopDoSource1 + 508
	11  CoreFoundation                      0x000000019fb91908 __CFRunLoopRun + 2200
	12  CoreFoundation                      0x000000019fb909e8 CFRunLoopRunSpecific + 572
	13  HIToolbox                           0x00000001ab62f27c RunCurrentEventLoopInMode + 324
	14  HIToolbox                           0x00000001ab6324e8 ReceiveNextEventCommon + 676
	15  HIToolbox                           0x00000001ab7bd484 _BlockUntilNextEventMatchingListInModeWithFilter + 76
	16  AppKit                              0x00000001a3ab0a34 _DPSNextEvent + 684
	17  AppKit                              0x00000001a444f940 -[NSApplication(NSEventRouting) _nextEventMatchingEventMask:untilDate:inMode:dequeue:] + 688
	18  AppKit                              0x00000001a3aa3be4 -[NSApplication run] + 480
	19  AppKit                              0x00000001a3a7a2dc NSApplicationMain + 880
	20  SwiftUI                             0x00000001cf931878 $s7SwiftUI6runAppys5NeverOSo21NSApplicationDelegate_So11NSResponderCXcFTf4e_nAA07TestingdG0C_Tg5Tm + 160
	21  SwiftUI                             0x00000001cfd8f658 $s7SwiftUI6runAppys5NeverOxAA0D0RzlF + 108
	22  SwiftUI                             0x00000001d00f05c0 $s7SwiftUI3AppPAAE4mainyyFZ + 224
	23  Scopy.debug.dylib                   0x00000001047a7a04 $s5Scopy0A3AppV5$mainyyFZ + 40
	24  Scopy.debug.dylib                   0x00000001047a7cb4 __debug_main_executable_dylib_entry_point + 12
	25  dyld                                0x000000019f706b98 start + 6076
)
2025-11-27 12:36:41.585293+0800 Scopy[4768:13002544] [HIExceptions] FAULT: NSInternalInconsistencyException: Creating more than one Application; {
    NSAssertFile = "NSApplication.m";
    NSAssertLine = 1590;
}
2025-11-27 12:36:41.614761+0800 Scopy[4768:13002544] [Client] -[AFPreferences _languageCodeWithFallback:] No language code saved, but Assistant is enabled - returning: en-US
2025-11-27 12:36:41.614838+0800 Scopy[4768:13002544] [Client] -[AFPreferences _languageCodeWithFallback:] No language code saved, but Assistant is enabled - returning: en-US
2025-11-27 12:36:41.614974+0800 Scopy[4768:13002544] [Client] -[AFPreferences _languageCodeWithFallback:] No language code saved, but Assistant is enabled - returning: en-US
2025-11-27 12:36:41.615789+0800 Scopy[4768:13002544] [availability] GenerativeModelsAvailability.Parameters: Initialized with invalid language code: en-US. Expected to receive two-letter ISO 639 code. e.g. 'zh' or 'en'. Falling back to: en
2025-11-27 12:36:41.615946+0800 Scopy[4768:13002544] [Utility] AFIsDeviceGreymatterEligible Missing entitlements for os_eligibility lookup
2025-11-27 12:36:41.616072+0800 Scopy[4768:13002544] [Client] -[AFPreferences _languageCodeWithFallback:] No language code saved, but Assistant is enabled - returning: en-US


*** If you believe this error represents a bug, please attach the result bundle at /Users/ziyi/Documents/code/Scopy/TestResults.xcresult

2025-11-27 12:42:28.952 xcodebuild[4706:13002126] [MT] IDETestOperationsObserverDebug: 349.007 elapsed -- Testing started completed.
2025-11-27 12:42:28.952 xcodebuild[4706:13002126] [MT] IDETestOperationsObserverDebug: 0.000 sec, +0.000 sec -- start
2025-11-27 12:42:28.952 xcodebuild[4706:13002126] [MT] IDETestOperationsObserverDebug: 349.007 sec, +349.007 sec -- end

Test session results, code coverage, and logs:
	/Users/ziyi/Documents/code/Scopy/TestResults.xcresult

Testing failed:
	Scopy (4768) encountered an error (Test runner never began executing tests after launching)

** TEST FAILED **

Testing started
